// Jest Snapshot v1, https://goo.gl/fbAQLP

exports[`that Main renders properly 1`] = `
.c0 {
  background-color: #06092b;
  color: #fff;
  width: 100%;
  height: 100%;
  display: -webkit-box;
  display: -webkit-flex;
  display: -ms-flexbox;
  display: flex;
  -webkit-flex-direction: column;
  -ms-flex-direction: column;
  flex-direction: column;
  text-align: center;
  -webkit-align-items: center;
  -webkit-box-align: center;
  -ms-flex-align: center;
  align-items: center;
  padding: 3rem;
}

.c1 {
  padding: 1rem;
}

<main
  class="c0"
>
  <h1
    class="c1"
  >
    CRA Project Starter
  </h1>
  <h2
    class=""
  >
    A CRA template that includes ESLINT/Prettier, Styled Components and Storybook
  </h2>
</main>
`;
